/fluent-bit/test/logs/audit.log.actual: [1615320737.445039000, {"file_path":"/fluent-bit/test/logs","file":"audit.log","peername":"127.0.0.1:56021","real_userid":{"user":"@ns_server","domain":"local"},"couchbase":{"logging.version":"99","node":"cb-node.test-cluster.default.svc","operator.version":"unknown","server.version":"unknown","cluster":"test-cluster","node-config":"unknown","server.server":"unknown","analytics":"false","data":"false","eventing":"false","index":"false","query":"false","search":"false"},"hostname":"test-container","sockname":"127.0.0.1:11209","filename":"/fluent-bit/test/logs/audit.log","fluentbit.version":"99","bucket":"default","logshipper":"couchbase.sidecar.fluentbit","description":"The specified bucket was selected","timestamp":"2021-03-09T20:12:17.445039Z","id":20492,"name":"select bucket","pod":{"uid":"unknown","namespace":"default","name":"test-pod"},"level":"INFO","level_numeric":"20"}]
/fluent-bit/test/logs/audit.log.actual: [1615320737.489000000, {"file_path":"/fluent-bit/test/logs","file":"audit.log","couchbase":{"logging.version":"99","node":"cb-node.test-cluster.default.svc","operator.version":"unknown","server.version":"unknown","cluster":"test-cluster","node-config":"unknown","server.server":"unknown","analytics":"false","data":"false","eventing":"false","index":"false","query":"false","search":"false"},"real_userid":{"user":"@","domain":"builtin"},"httpResultCode":200,"httpMethod":"GET","fluentbit.version":"99","filename":"/fluent-bit/test/logs/audit.log","remote":{"port":53465,"ip":"127.0.0.1"},"hostname":"test-container","logshipper":"couchbase.sidecar.fluentbit","description":"An HTTP request was made to the API at /admin/stats.","timestamp":"2021-03-09T20:12:17.489Z","id":28689,"name":"/admin/stats API request","pod":{"uid":"unknown","namespace":"default","name":"test-pod"},"level":"INFO","level_numeric":"20"}]
/fluent-bit/test/logs/audit.log.actual: [1615320737.713000000, {"file_path":"/fluent-bit/test/logs","file":"audit.log","couchbase":{"logging.version":"99","node":"cb-node.test-cluster.default.svc","operator.version":"unknown","server.version":"unknown","cluster":"test-cluster","node-config":"unknown","server.server":"unknown","analytics":"false","data":"false","eventing":"false","index":"false","query":"false","search":"false"},"real_userid":{"user":"@","domain":"builtin"},"id":32772,"filename":"/fluent-bit/test/logs/audit.log","fluentbit.version":"99","hostname":"test-container","logshipper":"couchbase.sidecar.fluentbit","description":"Eventing function draft definitions were read","timestamp":"2021-03-09T20:12:17.713Z","context":"<nil>","name":"Fetch Drafts","pod":{"uid":"unknown","namespace":"default","name":"test-pod"},"level":"INFO","level_numeric":"20"}]
