/fluent-bit/test/logs/http_access_internal.log.actual: [1615311122.000000000, {"file_path":"/fluent-bit/test/logs","file":"http_access_internal.log","method":"RPCCONNECT","filename":"/fluent-bit/test/logs/http_access_internal.log","host":"127.0.0.1","fluentbit.version":"99","size":"0","timestamp":"09/Mar/2021:17:32:02 +0000","client":"Go-http-client/1.1","pod":{"namespace":"default","name":"test-pod"},"hostname":"test-container","couchbase":{"cluster":"test-cluster","node":"cb-node.test-cluster.default.svc","logging.version":"99"},"path":"/goxdcr-cbauth","logshipper":"couchbase.sidecar.fluentbit","user":"@","code":"200","level":"INFO","level_numeric":"20"}]
/fluent-bit/test/logs/http_access_internal.log.actual: [1615311133.000000000, {"file_path":"/fluent-bit/test/logs","file":"http_access_internal.log","method":"GET","filename":"/fluent-bit/test/logs/http_access_internal.log","host":"::1","fluentbit.version":"99","size":"14","timestamp":"09/Mar/2021:17:32:13 +0000","client":"Go-http-client/1.1","pod":{"namespace":"default","name":"test-pod"},"hostname":"test-container","couchbase":{"cluster":"test-cluster","node":"cb-node.test-cluster.default.svc","logging.version":"99"},"path":"/pools/default","logshipper":"couchbase.sidecar.fluentbit","user":"Administrator","code":"404","level":"INFO","level_numeric":"20"}]
/fluent-bit/test/logs/http_access_internal.log.actual: [1615311134.000000000, {"file_path":"/fluent-bit/test/logs","file":"http_access_internal.log","method":"GET","filename":"/fluent-bit/test/logs/http_access_internal.log","host":"10.244.1.2","fluentbit.version":"99","size":"541","timestamp":"09/Mar/2021:17:32:14 +0000","client":"couchbase-operator/2.2.0 (commit/10459d7c9b0642eb398bdc59ad45b26201065ba1; build/999)","pod":{"namespace":"default","name":"test-pod"},"hostname":"test-container","couchbase":{"cluster":"test-cluster","node":"cb-node.test-cluster.default.svc","logging.version":"99"},"path":"/pools","logshipper":"couchbase.sidecar.fluentbit","user":"Administrator","code":"200","level":"INFO","level_numeric":"20"}]
/fluent-bit/test/logs/http_access_internal.log.actual: [1615311134.000000000, {"file_path":"/fluent-bit/test/logs","file":"http_access_internal.log","method":"RPCCONNECT","filename":"/fluent-bit/test/logs/http_access_internal.log","host":"127.0.0.1","fluentbit.version":"99","size":"0","timestamp":"09/Mar/2021:17:32:14 +0000","client":"Go-http-client/1.1","pod":{"namespace":"default","name":"test-pod"},"hostname":"test-container","couchbase":{"cluster":"test-cluster","node":"cb-node.test-cluster.default.svc","logging.version":"99"},"path":"/index-cbauth","logshipper":"couchbase.sidecar.fluentbit","user":"@","code":"200","level":"INFO","level_numeric":"20"}]
/fluent-bit/test/logs/http_access_internal.log.actual: [1615311134.000000000, {"file_path":"/fluent-bit/test/logs","file":"http_access_internal.log","method":"GET","filename":"/fluent-bit/test/logs/http_access_internal.log","host":"127.0.0.1","fluentbit.version":"99","size":"937","timestamp":"09/Mar/2021:17:32:14 +0000","client":"Go-http-client/1.1","pod":{"namespace":"default","name":"test-pod"},"hostname":"test-container","couchbase":{"cluster":"test-cluster","node":"cb-node.test-cluster.default.svc","logging.version":"99"},"path":"/_metakv/indexing/settings/config","logshipper":"couchbase.sidecar.fluentbit","user":"@index-cbauth","code":"200","level":"INFO","level_numeric":"20"}]
