/fluent-bit/test/logs/http_access_internal.log.actual: [1615311122.000000000, {"file_path":"/fluent-bit/test/logs","file":"http_access_internal.log","hostname":"test-container","host":"127.0.0.1","logshipper":"couchbase.sidecar.fluentbit","user":"@","fluentbit.version":"99","couchbase":{"node-config":"unknown","server.server":"unknown","analytics":"false","data":"false","cluster":"test-cluster","node":"cb-node.test-cluster.default.svc","query":"false","search":"false","logging.version":"99","index":"false","operator.version":"unknown","server.version":"unknown","eventing":"false"},"method":"RPCCONNECT","pod":{"uid":"unknown","namespace":"default","name":"test-pod"},"size":0,"referer":"-","client":"Go-http-client/1.1","path":"/goxdcr-cbauth","status":200,"timestamp":"09/Mar/2021:17:32:02 +0000","filename":"/fluent-bit/test/logs/http_access_internal.log","level":"INFO","level_numeric":"20"}]
/fluent-bit/test/logs/http_access_internal.log.actual: [1615311133.000000000, {"file_path":"/fluent-bit/test/logs","file":"http_access_internal.log","hostname":"test-container","host":"::1","logshipper":"couchbase.sidecar.fluentbit","user":"Administrator","fluentbit.version":"99","couchbase":{"node-config":"unknown","server.server":"unknown","analytics":"false","data":"false","cluster":"test-cluster","node":"cb-node.test-cluster.default.svc","query":"false","search":"false","logging.version":"99","index":"false","operator.version":"unknown","server.version":"unknown","eventing":"false"},"method":"GET","pod":{"uid":"unknown","namespace":"default","name":"test-pod"},"size":14,"referer":"-","client":"Go-http-client/1.1","path":"/pools/default","status":404,"timestamp":"09/Mar/2021:17:32:13 +0000","filename":"/fluent-bit/test/logs/http_access_internal.log","level":"INFO","level_numeric":"20"}]
/fluent-bit/test/logs/http_access_internal.log.actual: [1615311134.000000000, {"file_path":"/fluent-bit/test/logs","file":"http_access_internal.log","hostname":"test-container","host":"10.244.1.2","logshipper":"couchbase.sidecar.fluentbit","user":"Administrator","fluentbit.version":"99","couchbase":{"node-config":"unknown","server.server":"unknown","analytics":"false","data":"false","cluster":"test-cluster","node":"cb-node.test-cluster.default.svc","query":"false","search":"false","logging.version":"99","index":"false","operator.version":"unknown","server.version":"unknown","eventing":"false"},"method":"GET","pod":{"uid":"unknown","namespace":"default","name":"test-pod"},"size":541,"referer":"-","client":"couchbase-operator/2.2.0 (commit/10459d7c9b0642eb398bdc59ad45b26201065ba1; build/999)","path":"/pools","status":200,"timestamp":"09/Mar/2021:17:32:14 +0000","filename":"/fluent-bit/test/logs/http_access_internal.log","level":"INFO","level_numeric":"20"}]
/fluent-bit/test/logs/http_access_internal.log.actual: [1615311134.000000000, {"file_path":"/fluent-bit/test/logs","file":"http_access_internal.log","hostname":"test-container","host":"127.0.0.1","logshipper":"couchbase.sidecar.fluentbit","user":"@","fluentbit.version":"99","couchbase":{"node-config":"unknown","server.server":"unknown","analytics":"false","data":"false","cluster":"test-cluster","node":"cb-node.test-cluster.default.svc","query":"false","search":"false","logging.version":"99","index":"false","operator.version":"unknown","server.version":"unknown","eventing":"false"},"method":"RPCCONNECT","pod":{"uid":"unknown","namespace":"default","name":"test-pod"},"size":0,"referer":"-","client":"Go-http-client/1.1","path":"/index-cbauth","status":200,"timestamp":"09/Mar/2021:17:32:14 +0000","filename":"/fluent-bit/test/logs/http_access_internal.log","level":"INFO","level_numeric":"20"}]
/fluent-bit/test/logs/http_access_internal.log.actual: [1615311134.000000000, {"file_path":"/fluent-bit/test/logs","file":"http_access_internal.log","hostname":"test-container","host":"127.0.0.1","logshipper":"couchbase.sidecar.fluentbit","user":"@index-cbauth","fluentbit.version":"99","couchbase":{"node-config":"unknown","server.server":"unknown","analytics":"false","data":"false","cluster":"test-cluster","node":"cb-node.test-cluster.default.svc","query":"false","search":"false","logging.version":"99","index":"false","operator.version":"unknown","server.version":"unknown","eventing":"false"},"method":"GET","pod":{"uid":"unknown","namespace":"default","name":"test-pod"},"size":937,"referer":"-","client":"Go-http-client/1.1","path":"/_metakv/indexing/settings/config","status":200,"timestamp":"09/Mar/2021:17:32:14 +0000","filename":"/fluent-bit/test/logs/http_access_internal.log","level":"INFO","level_numeric":"20"}]
