/fluent-bit/test/logs/http_access_internal.log.actual: [1615311122.000000000, {"file_path":"/fluent-bit/test/logs","file":"http_access_internal.log","method":"RPCCONNECT","client":"Go-http-client/1.1","couchbase":{"operator.version":"unknown","server.version":"unknown","node-config":"unknown","cluster":"test-cluster","analytics":"false","data":"false","eventing":"false","index":"false","query":"false","search":"false","server.server":"unknown","logging.version":"99","node":"cb-node.test-cluster.default.svc"},"code":"200","size":"0","fluentbit.version":"99","pod":{"uid":"unknown","name":"test-pod","namespace":"default"},"filename":"/fluent-bit/test/logs/http_access_internal.log","logshipper":"couchbase.sidecar.fluentbit","host":"127.0.0.1","hostname":"test-container","user":"@","timestamp":"09/Mar/2021:17:32:02 +0000","path":"/goxdcr-cbauth","level":"INFO","level_numeric":"20"}]
/fluent-bit/test/logs/http_access_internal.log.actual: [1615311133.000000000, {"file_path":"/fluent-bit/test/logs","file":"http_access_internal.log","method":"GET","client":"Go-http-client/1.1","couchbase":{"operator.version":"unknown","server.version":"unknown","node-config":"unknown","cluster":"test-cluster","analytics":"false","data":"false","eventing":"false","index":"false","query":"false","search":"false","server.server":"unknown","logging.version":"99","node":"cb-node.test-cluster.default.svc"},"code":"404","size":"14","fluentbit.version":"99","pod":{"uid":"unknown","name":"test-pod","namespace":"default"},"filename":"/fluent-bit/test/logs/http_access_internal.log","logshipper":"couchbase.sidecar.fluentbit","host":"::1","hostname":"test-container","user":"Administrator","timestamp":"09/Mar/2021:17:32:13 +0000","path":"/pools/default","level":"INFO","level_numeric":"20"}]
/fluent-bit/test/logs/http_access_internal.log.actual: [1615311134.000000000, {"file_path":"/fluent-bit/test/logs","file":"http_access_internal.log","method":"GET","client":"couchbase-operator/2.2.0 (commit/10459d7c9b0642eb398bdc59ad45b26201065ba1; build/999)","couchbase":{"operator.version":"unknown","server.version":"unknown","node-config":"unknown","cluster":"test-cluster","analytics":"false","data":"false","eventing":"false","index":"false","query":"false","search":"false","server.server":"unknown","logging.version":"99","node":"cb-node.test-cluster.default.svc"},"code":"200","size":"541","fluentbit.version":"99","pod":{"uid":"unknown","name":"test-pod","namespace":"default"},"filename":"/fluent-bit/test/logs/http_access_internal.log","logshipper":"couchbase.sidecar.fluentbit","host":"10.244.1.2","hostname":"test-container","user":"Administrator","timestamp":"09/Mar/2021:17:32:14 +0000","path":"/pools","level":"INFO","level_numeric":"20"}]
/fluent-bit/test/logs/http_access_internal.log.actual: [1615311134.000000000, {"file_path":"/fluent-bit/test/logs","file":"http_access_internal.log","method":"RPCCONNECT","client":"Go-http-client/1.1","couchbase":{"operator.version":"unknown","server.version":"unknown","node-config":"unknown","cluster":"test-cluster","analytics":"false","data":"false","eventing":"false","index":"false","query":"false","search":"false","server.server":"unknown","logging.version":"99","node":"cb-node.test-cluster.default.svc"},"code":"200","size":"0","fluentbit.version":"99","pod":{"uid":"unknown","name":"test-pod","namespace":"default"},"filename":"/fluent-bit/test/logs/http_access_internal.log","logshipper":"couchbase.sidecar.fluentbit","host":"127.0.0.1","hostname":"test-container","user":"@","timestamp":"09/Mar/2021:17:32:14 +0000","path":"/index-cbauth","level":"INFO","level_numeric":"20"}]
/fluent-bit/test/logs/http_access_internal.log.actual: [1615311134.000000000, {"file_path":"/fluent-bit/test/logs","file":"http_access_internal.log","method":"GET","client":"Go-http-client/1.1","couchbase":{"operator.version":"unknown","server.version":"unknown","node-config":"unknown","cluster":"test-cluster","analytics":"false","data":"false","eventing":"false","index":"false","query":"false","search":"false","server.server":"unknown","logging.version":"99","node":"cb-node.test-cluster.default.svc"},"code":"200","size":"937","fluentbit.version":"99","pod":{"uid":"unknown","name":"test-pod","namespace":"default"},"filename":"/fluent-bit/test/logs/http_access_internal.log","logshipper":"couchbase.sidecar.fluentbit","host":"127.0.0.1","hostname":"test-container","user":"@index-cbauth","timestamp":"09/Mar/2021:17:32:14 +0000","path":"/_metakv/indexing/settings/config","level":"INFO","level_numeric":"20"}]
